// Jest Snapshot v1, https://goo.gl/fbAQLP

exports[`renders without crashing 1`] = `
<div
  className="trivia-application"
>
  <div
    className="sky"
  />
  <div
    className="main-window"
  >
    <Logo />
    <Component />
  </div>
</div>
`;
